
> sonic-orbit@0.1.0 build
> next build

node.exe : ÔÜá Warning: Next.js 
inferred your workspace root, but it 
may not be correct.
At line:1 char:1
+ & "C:\Program 
Files\nodejs/node.exe" 
"C:\Users\RAJ\AppData\Roaming\np ...
+ ~~~~~~~~~~~~~~~~~~~~~~~~~~~~~~~~~~~~
~~~~~~~~~~~~~~~~~~~~~~~~~~~~~~~~~
    + CategoryInfo          :     
NotSpecified: (ÔÜá Warning    : 
Ne...not be correct.:Str    ing) [], 
RemoteException
    + FullyQualifiedErrorId :     
NativeCommandError
 
 We detected multiple lockfiles and 
selected the directory of 
C:\Users\RAJ\package-lock.json as the 
root directory.
 To silence this warning, set 
`turbopack.root` in your Next.js 
config, or consider removing one of 
the lockfiles if it's not needed.
   See https://nextjs.org/docs/app/api
-reference/config/next-config-js/turbo
pack#root-directory for more 
information.
 Detected additional lockfiles: 
   * C:\Users\RAJ\.gemini\antigravity\
playground\sonic-orbit\package-lock.js
on

Ôû▓ Next.js 16.1.6 (Turbopack)
- Environments: .env

ÔÜá The "middleware" file convention 
is deprecated. Please use "proxy" 
instead. Learn more: https://nextjs.or
g/docs/messages/middleware-to-proxy
  Creating an optimized production build ...
Ô£ô Compiled successfully in 6.1s
  Running TypeScript ...
  Collecting page data using 15 workers ...
  Generating static pages using 15 workers (0/10) ...
Ô¿» useSearchParams() should be 
wrapped in a suspense boundary at 
page "/404". Read more: https://nextjs
.org/docs/messages/missing-suspense-wi
th-csr-bailout
    at Q (C:\Users\RAJ\.gemini\antigra
vity\playground\sonic-orbit\.next\serv
er\chunks\ssr\061a9_next_4eec0472._.js
:2:2111)
    at o (C:\Users\RAJ\.gemini\antigra
vity\playground\sonic-orbit\.next\serv
er\chunks\ssr\061a9_next_4eec0472._.js
:4:5286)
    at g (C:\Users\RAJ\.gemini\antigra
vity\playground\sonic-orbit\.next\serv
er\chunks\ssr\_gemini_antigravity_play
ground_sonic-orbit_0eccae14._.js:1:265
5)
    at an (C:\Users\RAJ\.gemini\antigr
avity\playground\sonic-orbit\node_modu
les\next\dist\compiled\next-server\app
-page-turbo.runtime.prod.js:2:84360)
    at ai (C:\Users\RAJ\.gemini\antigr
avity\playground\sonic-orbit\node_modu
les\next\dist\compiled\next-server\app
-page-turbo.runtime.prod.js:2:86179)
    at ai (C:\Users\RAJ\.gemini\antigr
avity\playground\sonic-orbit\node_modu
les\next\dist\compiled\next-server\app
-page-turbo.runtime.prod.js:2:104708)
    at al (C:\Users\RAJ\.gemini\antigr
avity\playground\sonic-orbit\node_modu
les\next\dist\compiled\next-server\app
-page-turbo.runtime.prod.js:2:107953)
    at as (C:\Users\RAJ\.gemini\antigr
avity\playground\sonic-orbit\node_modu
les\next\dist\compiled\next-server\app
-page-turbo.runtime.prod.js:2:105368)
    at am (C:\Users\RAJ\.gemini\antigr
avity\playground\sonic-orbit\node_modu
les\next\dist\compiled\next-server\app
-page-turbo.runtime.prod.js:2:112882)
    at au (C:\Users\RAJ\.gemini\antigr
avity\playground\sonic-orbit\node_modu
les\next\dist\compiled\next-server\app
-page-turbo.runtime.prod.js:2:109985)
Error occurred prerendering page 
"/_not-found". Read more: https://next
js.org/docs/messages/prerender-error
Export encountered an error on 
/_not-found/page: /_not-found, 
exiting the build.
Ô¿» Next.js build worker exited with 
code: 1 and signal: null
